You have added the task(s) successfully
You have added the task(s) successfully
You have added the task(s) successfully
Task "read tao of winnie" edited successfully
You have just deleted "do the laundry" !
Nicely done! Give yourself a pat on the back!
Displaying: completed tasks
Displaying: all pending tasks
Task "submit OP1" edited successfully
You have added the task(s) successfully
You have added the task(s) successfully
Nicely done! Give yourself a pat on the back!
